// Jest Snapshot v1, https://goo.gl/fbAQLP

exports[`service/readme should generate component markdown if README.md file doesnt exist 1`] = `
Array [
  Array [
    "foo",
  ],
]
`;

exports[`service/readme should generate component markdown if README.md file doesnt exist 2`] = `"MARKDOWN CONTENT"`;

exports[`service/readme should return README.md file content if exists 1`] = `"README CONTENT"`;
